******************************************************************************
                  TI ARM Linker Unix v20.2.1                   
******************************************************************************
>> Linked Sun Dec 20 03:59:45 2020

OUTPUT FILE NAME:   <freertos_demo.out>
ENTRY POINT SYMBOL: "_c_int00_noargs"  address: 000022e5


MEMORY CONFIGURATION

         name            origin    length      used     unused   attr    fill
----------------------  --------  ---------  --------  --------  ----  --------
  FLASH                 00000000   00040000  000027f8  0003d808  R  X
  SRAM                  20000000   00008000  00007938  000006c8  RW X


SEGMENT ALLOCATION MAP

run origin  load origin   length   init length attrs members
----------  ----------- ---------- ----------- ----- -------
00000000    00000000    000027f8   000027f8    r-x
  00000000    00000000    0000026c   0000026c    r-- .intvecs
  0000026c    0000026c    00002428   00002428    r-x .text
  00002694    00002694    0000012c   0000012c    r-- .const
  000027c0    000027c0    00000038   00000038    r-- .cinit
20000000    20000000    0000793c   00000000    rw-
  20000000    20000000    000076f4   00000000    rw- .bss
  200076f8    200076f8    00000200   00000000    rw- .stack
  200078f8    200078f8    00000044   00000000    rw- .data


SECTION ALLOCATION MAP

 output                                  attributes/
section   page    origin      length       input sections
--------  ----  ----------  ----------   ----------------
.intvecs   0    00000000    0000026c     
                  00000000    0000026c     startup_ccs.obj (.intvecs)

.text      0    0000026c    00002428     
                  0000026c    0000039a     led_task.obj (.text:ScanKPD)
                  00000606    00000002     startup_ccs.obj (.text:FaultISR)
                  00000608    000001ee     uartstdio.obj (.text:UARTvprintf)
                  000007f6    00000002     startup_ccs.obj (.text:IntDefaultHandler)
                  000007f8    00000170     led_task.obj (.text:SetDate)
                  00000968    00000170     led_task.obj (.text:SetTime)
                  00000ad8    00000132     driverlib.lib : gpio.obj (.text:GPIOPadConfigSet)
                  00000c0a    00000002     startup_ccs.obj (.text:NmiSR)
                  00000c0c    00000110     driverlib.lib : sysctl.obj (.text:SysCtlClockGet)
                  00000d1c    00000106     led_task.obj (.text:PrintASCII)
                  00000e22    00000002     rtsv7M4_T_le_v4SPD16_eabi.lib : div0.asm.obj (.text)
                  00000e24    00000104     tasks.obj (.text:xTaskIncrementTick)
                  00000f28    00000100     tasks.obj (.text:xTaskGenericCreate)
                  00001028    000000e8     queue.obj (.text:xQueueGenericSend)
                  00001110    000000e4     tasks.obj (.text:xTaskResumeAll)
                  000011f4    000000e0     led_task.obj (.text:LEDTask)
                  000012d4    000000d2     portasm.obj (.text)
                  000013a6    00000002     freertos_demo.obj (.text:vApplicationStackOverflowHook)
                  000013a8    000000ac     heap_2.obj (.text:pvPortMalloc)
                  00001454    0000009c     rtsv7M4_T_le_v4SPD16_eabi.lib : memcpy_t2.asm.obj (.text)
                  000014f0    0000008c     led_task.obj (.text:initLCD)
                  0000157c    0000008c     tasks.obj (.text:vTaskSwitchContext)
                  00001608    00000084     tasks.obj (.text:vTaskDelayUntil)
                  0000168c    00000084     queue.obj (.text:xQueueGenericReset)
                  00001710    0000007a     rtsv7M4_T_le_v4SPD16_eabi.lib : memset_t2.asm.obj (.text)
                  0000178a    00000002     --HOLE-- [fill = 0]
                  0000178c    00000078     tasks.obj (.text:xTaskPriorityDisinherit)
                  00001804    00000074     tasks.obj (.text:xTaskRemoveFromEventList)
                  00001878    00000072     queue.obj (.text:prvCopyDataToQueue)
                  000018ea    00000068     rtsv7M4_T_le_v4SPD16_eabi.lib : copy_decompress_lzss.c.obj (.text:decompress:lzss:__TI_decompress_lzss)
                  00001952    00000002     --HOLE-- [fill = 0]
                  00001954    00000064     tasks.obj (.text:vTaskPlaceOnEventList)
                  000019b8    00000062     queue.obj (.text:prvUnlockQueue)
                  00001a1a    00000002     --HOLE-- [fill = 0]
                  00001a1c    00000060     tasks.obj (.text:prvInitialiseTaskLists)
                  00001a7c    00000060     tasks.obj (.text:vTaskStartScheduler)
                  00001adc    0000005c     switch_task.obj (.text:SwitchTask)
                  00001b38    0000005c     led_task.obj (.text:showTemp)
                  00001b94    0000005a     led_task.obj (.text:PrintLCD)
                  00001bee    00000002     --HOLE-- [fill = 0]
                  00001bf0    00000058     led_task.obj (.text:I2CReceive)
                  00001c48    00000058     tasks.obj (.text:prvCheckTasksWaitingTermination)
                  00001ca0    00000056     tasks.obj (.text:prvInitialiseTCBVariables)
                  00001cf6    00000002     --HOLE-- [fill = 0]
                  00001cf8    00000054     led_task.obj (.text:I2CInit)
                  00001d4c    00000054     led_task.obj (.text:LEDTaskInit)
                  00001da0    00000054     tasks.obj (.text:xTaskCheckForTimeOut)
                  00001df4    0000004e     queue.obj (.text:xQueueCreateMutex)
                  00001e42    00000002     --HOLE-- [fill = 0]
                  00001e44    0000004c     driverlib.lib : i2c.obj (.text:I2CMasterInitExpClk)
                  00001e90    0000004c     tasks.obj (.text:prvAddCurrentTaskToDelayedList)
                  00001edc    00000048     driverlib.lib : gpio.obj (.text:GPIOPinConfigure)
                  00001f24    00000048     uartstdio.obj (.text:UARTwrite)
                  00001f6c    00000044     rtsv7M4_T_le_v4SPD16_eabi.lib : autoinit.c.obj (.text:__TI_auto_init_nobinit_nopinit:__TI_auto_init_nobinit_nopinit)
                  00001fb0    00000044     heap_2.obj (.text:vPortFree)
                  00001ff4    00000040     led_task.obj (.text:initKPD)
                  00002034    00000040     led_task.obj (.text:itoa)
                  00002074    00000040     rtsv7M4_T_le_v4SPD16_eabi.lib : u_divt2.asm.obj (.text)
                  000020b4    00000040     port.obj (.text:xPortStartScheduler)
                  000020f4    0000003c     freertos_demo.obj (.text:main)
                  00002130    0000003c     queue.obj (.text:xQueueGenericCreate)
                  0000216c    0000003a     tasks.obj (.text:prvAllocateTCBAndStack)
                  000021a6    00000038     list.obj (.text:vListInsert)
                  000021de    00000034     led_task.obj (.text:ClearLCD)
                  00002212    00000034     led_task.obj (.text:ShiftLCursor)
                  00002246    00000034     led_task.obj (.text:ShiftRCursor)
                  0000227a    00000002     --HOLE-- [fill = 0]
                  0000227c    00000034     switch_task.obj (.text:SwitchTaskInit)
                  000022b0    00000034     driverlib.lib : sysctl.obj (.text:SysCtlPeripheralEnable)
                  000022e4    00000034     rtsv7M4_T_le_v4SPD16_eabi.lib : boot_cortex_m.c.obj (.text:_c_int00_noargs:_c_int00_noargs)
                  00002318    00000030     heap_2.obj (.text:prvHeapInit)
                  00002348    0000002c     led_task.obj (.text:MoveCursor)
                  00002374    0000002c     port.obj (.text:xPortSysTickHandler)
                  000023a0    0000002a     driverlib.lib : gpio.obj (.text:GPIODirModeSet)
                  000023ca    0000002a     led_task.obj (.text:reverse)
                  000023f4    00000028     tasks.obj (.text:prvResetNextTaskUnblockTime)
                  0000241c    00000028     led_task.obj (.text:pulseLCD)
                  00002444    00000028     port.obj (.text:pxPortInitialiseStack)
                  0000246c    00000024     led_task.obj (.text:ReturnHome)
                  00002490    00000020     list.obj (.text:uxListRemove)
                  000024b0    0000001c     queue.obj (.text:prvIsQueueFull)
                  000024cc    0000001c     port.obj (.text:vPortEnterCritical)
                  000024e8    0000001a     uartstdio.obj (.text:UARTprintf)
                  00002502    00000018     driverlib.lib : gpio.obj (.text:GPIOPinTypeGPIOOutput)
                  0000251a    00000018     list.obj (.text:vListInsertEnd)
                  00002532    00000002     --HOLE-- [fill = 0]
                  00002534    00000018     port.obj (.text:vPortExitCritical)
                  0000254c    00000018     tasks.obj (.text:vTaskSetTimeOutState)
                  00002564    00000016     list.obj (.text:vListInitialise)
                  0000257a    00000014     rtsv7M4_T_le_v4SPD16_eabi.lib : strlen.c.obj (.text:strlen)
                  0000258e    00000002     --HOLE-- [fill = 0]
                  00002590    00000014     port.obj (.text:vPortSetupTimerInterrupt)
                  000025a4    00000012     driverlib.lib : gpio.obj (.text:GPIOPinTypeGPIOInput)
                  000025b6    00000012                   : gpio.obj (.text:GPIOPinTypeI2C)
                  000025c8    00000012                   : gpio.obj (.text:GPIOPinTypeI2CSCL)
                  000025da    00000012     tasks.obj (.text:prvDeleteTCB)
                  000025ec    00000010     port.obj (.text:prvTaskExitError)
                  000025fc    00000010     tasks.obj (.text:vTaskSuspendAll)
                  0000260c    0000000e     rtsv7M4_T_le_v4SPD16_eabi.lib : copy_decompress_none.c.obj (.text:decompress:none:__TI_decompress_none)
                  0000261a    0000000c                                   : copy_zero_init.c.obj (.text:decompress:ZI:__TI_zero_init)
                  00002626    00000002     --HOLE-- [fill = 0]
                  00002628    0000000c     tasks.obj (.text:vTaskMissedYield)
                  00002634    0000000c     tasks.obj (.text:xTaskGetTickCount)
                  00002640    0000000a     driverlib.lib : i2c.obj (.text:I2CMasterEnable)
                  0000264a    00000008                   : i2c.obj (.text:I2CMasterBusy)
                  00002652    00000008                   : i2c.obj (.text:I2CMasterSlaveAddrSet)
                  0000265a    00000008     tasks.obj (.text:prvIdleTask)
                  00002662    00000006     driverlib.lib : gpio.obj (.text:GPIOPinRead)
                  00002668    00000006                   : gpio.obj (.text:GPIOPinWrite)
                  0000266e    00000006     startup_ccs.obj (.text:ResetISR)
                  00002674    00000006     driverlib.lib : sysctl.obj (.text:SysCtlDelay)
                  0000267a    00000006     list.obj (.text:vListInitialiseItem)
                  00002680    00000004     driverlib.lib : i2c.obj (.text:I2CMasterControl)
                  00002684    00000004                   : i2c.obj (.text:I2CMasterDataGet)
                  00002688    00000004                   : i2c.obj (.text:I2CMasterDataPut)
                  0000268c    00000004     rtsv7M4_T_le_v4SPD16_eabi.lib : pre_init.c.obj (.text:_system_pre_init)
                  00002690    00000004                                   : exit.c.obj (.text:abort:abort)

.const     0    00002694    0000012c     
                  00002694    00000090     driverlib.lib : gpio.obj (.const:g_pui32GPIOBaseAddrs)
                  00002724    0000006c                   : sysctl.obj (.const:g_pui32Xtals)
                  00002790    0000000c     led_task.obj (.const:.string:$P$T2$3)
                  0000279c    0000000a     led_task.obj (.const:.string:$P$T0$1)
                  000027a6    0000000a     led_task.obj (.const:.string:$P$T1$2)
                  000027b0    0000000a     led_task.obj (.const:.string:$P$T3$4)
                  000027ba    00000002     --HOLE-- [fill = 0]
                  000027bc    00000004     port.obj (.const)

.cinit     0    000027c0    00000038     
                  000027c0    0000000f     (.cinit..data.load) [load image, compression = lzss]
                  000027cf    00000001     --HOLE-- [fill = 0]
                  000027d0    0000000c     (__TI_handler_table)
                  000027dc    00000004     --HOLE-- [fill = 0]
                  000027e0    00000008     (.cinit..bss.load) [load image, compression = zero_init]
                  000027e8    00000010     (__TI_cinit_table)

.init_array 
*          0    00000000    00000000     UNINITIALIZED

.bss       0    20000000    000076f4     UNINITIALIZED
                  20000000    00007530     heap_2.obj (.bss:ucHeap)
                  20007530    00000140     tasks.obj (.bss:pxReadyTasksLists)
                  20007670    00000014     tasks.obj (.bss:xDelayedTaskList1)
                  20007684    00000014     tasks.obj (.bss:xDelayedTaskList2)
                  20007698    00000014     tasks.obj (.bss:xPendingReadyList)
                  200076ac    00000014     tasks.obj (.bss:xSuspendedTaskList)
                  200076c0    00000014     tasks.obj (.bss:xTasksWaitingTermination)
                  200076d4    00000008     tasks.obj (.bss)
                  200076dc    00000008     heap_2.obj (.bss:xEnd)
                  200076e4    00000008     heap_2.obj (.bss:xStart)
                  200076ec    00000004     (.common:g_pLEDQueue)
                  200076f0    00000004     (.common:g_pUARTSemaphore)

.data      0    200078f8    00000044     UNINITIALIZED
                  200078f8    00000030     tasks.obj (.data)
                  20007928    00000008     heap_2.obj (.data)
                  20007930    00000005     uartstdio.obj (.data)
                  20007935    00000003     --HOLE--
                  20007938    00000004     port.obj (.data)

.stack     0    200076f8    00000200     UNINITIALIZED
                  200076f8    00000004     rtsv7M4_T_le_v4SPD16_eabi.lib : boot_cortex_m.c.obj (.stack)
                  200076fc    000001fc     --HOLE--

__llvm_prf_cnts 
*          0    20000000    00000000     UNINITIALIZED

MODULE SUMMARY

       Module                       code   ro data   rw data
       ------                       ----   -------   -------
    ./
       led_task.obj                 3168   42        4      
       startup_ccs.obj              12     620       0      
       switch_task.obj              144    0         0      
       freertos_demo.obj            62     0         4      
    +--+----------------------------+------+---------+---------+
       Total:                       3386   662       8      
                                                            
    ./third_party/FreeRTOS/Source/
       tasks.obj                    2066   0         476    
       queue.obj                    742    0         0      
       list.obj                     140    0         0      
    +--+----------------------------+------+---------+---------+
       Total:                       2948   0         476    
                                                            
    ./third_party/FreeRTOS/Source/portable/CCS/ARM_CM4F/
       port.obj                     236    4         4      
       portasm.obj                  210    0         0      
    +--+----------------------------+------+---------+---------+
       Total:                       446    4         4      
                                                            
    ./third_party/FreeRTOS/Source/portable/MemMang/
       heap_2.obj                   288    0         30024  
    +--+----------------------------+------+---------+---------+
       Total:                       288    0         30024  
                                                            
    ./utils/
       uartstdio.obj                592    0         5      
    +--+----------------------------+------+---------+---------+
       Total:                       592    0         5      
                                                            
    /Applications/ti/ccs1011/ccs/tools/compiler/ti-cgt-arm_20.2.1.LTS/lib/rtsv7M4_T_le_v4SPD16_eabi.lib
       memcpy_t2.asm.obj            156    0         0      
       memset_t2.asm.obj            122    0         0      
       copy_decompress_lzss.c.obj   104    0         0      
       autoinit.c.obj               68     0         0      
       u_divt2.asm.obj              64     0         0      
       boot_cortex_m.c.obj          52     0         0      
       strlen.c.obj                 20     0         0      
       copy_decompress_none.c.obj   14     0         0      
       copy_zero_init.c.obj         12     0         0      
       exit.c.obj                   4      0         0      
       pre_init.c.obj               4      0         0      
       div0.asm.obj                 2      0         0      
    +--+----------------------------+------+---------+---------+
       Total:                       622    0         0      
                                                            
    /Users/warwax/ti/tivaware_c_series_2_1_4_178/driverlib/ccs/Debug/driverlib.lib
       gpio.obj                     510    144       0      
       sysctl.obj                   330    108       0      
       i2c.obj                      114    0         0      
    +--+----------------------------+------+---------+---------+
       Total:                       954    252       0      
                                                            
       Stack:                       0      0         512    
       Linker Generated:            0      51        0      
    +--+----------------------------+------+---------+---------+
       Grand Total:                 9236   969       31029  


LINKER GENERATED COPY TABLES

__TI_cinit_table @ 000027e8 records: 2, size/record: 8, table size: 16
	.data: load addr=000027c0, load size=0000000f bytes, run addr=200078f8, run size=00000044 bytes, compression=lzss
	.bss: load addr=000027e0, load size=00000008 bytes, run addr=20000000, run size=000076f4 bytes, compression=zero_init


LINKER GENERATED HANDLER TABLE

__TI_handler_table @ 000027d0 records: 3, size/record: 4, table size: 12
	index: 0, handler: __TI_decompress_lzss
	index: 1, handler: __TI_decompress_none
	index: 2, handler: __TI_zero_init


GLOBAL SYMBOLS: SORTED ALPHABETICALLY BY Name 

address   name                          
-------   ----                          
00002691  C$$EXIT                       
000021df  ClearLCD                      
000023a1  GPIODirModeSet                
00000ad9  GPIOPadConfigSet              
00001edd  GPIOPinConfigure              
00002663  GPIOPinRead                   
000025a5  GPIOPinTypeGPIOInput          
00002503  GPIOPinTypeGPIOOutput         
000025b7  GPIOPinTypeI2C                
000025c9  GPIOPinTypeI2CSCL             
00002669  GPIOPinWrite                  
00001cf9  I2CInit                       
0000264b  I2CMasterBusy                 
00002681  I2CMasterControl              
00002685  I2CMasterDataGet              
00002689  I2CMasterDataPut              
00002641  I2CMasterEnable               
00001e45  I2CMasterInitExpClk           
00002653  I2CMasterSlaveAddrSet         
00001bf1  I2CReceive                    
00001d4d  LEDTaskInit                   
00002349  MoveCursor                    
00000d1d  PrintASCII                    
00001b95  PrintLCD                      
0000266f  ResetISR                      
0000246d  ReturnHome                    
0000026d  ScanKPD                       
000007f9  SetDate                       
00000969  SetTime                       
00002213  ShiftLCursor                  
00002247  ShiftRCursor                  
0000227d  SwitchTaskInit                
00000c0d  SysCtlClockGet                
00002675  SysCtlDelay                   
000022b1  SysCtlPeripheralEnable        
000024e9  UARTprintf                    
00000609  UARTvprintf                   
00001f25  UARTwrite                     
200078f8  __STACK_END                   
00000200  __STACK_SIZE                  
200078f8  __STACK_TOP                   
000027e8  __TI_CINIT_Base               
000027f8  __TI_CINIT_Limit              
000027d0  __TI_Handler_Table_Base       
000027dc  __TI_Handler_Table_Limit      
00001f6d  __TI_auto_init_nobinit_nopinit
000018eb  __TI_decompress_lzss          
0000260d  __TI_decompress_none          
ffffffff  __TI_pprof_out_hndl           
ffffffff  __TI_prof_data_size           
ffffffff  __TI_prof_data_start          
00000000  __TI_static_base__            
0000261b  __TI_zero_init                
00000e23  __aeabi_idiv0                 
00000e23  __aeabi_ldiv0                 
00001711  __aeabi_memclr                
00001711  __aeabi_memclr4               
00001711  __aeabi_memclr8               
00001455  __aeabi_memcpy                
00001455  __aeabi_memcpy4               
00001455  __aeabi_memcpy8               
00001713  __aeabi_memset                
00001713  __aeabi_memset4               
00001713  __aeabi_memset8               
00002075  __aeabi_uidiv                 
00002075  __aeabi_uidivmod              
ffffffff  __binit__                     
ffffffff  __c_args__                    
UNDEFED   __mpu_init                    
200076f8  __stack                       
20000000  __start___llvm_prf_cnts       
20000000  __stop___llvm_prf_cnts        
000022e5  _c_int00_noargs               
UNDEFED   _system_post_cinit            
0000268d  _system_pre_init              
00002691  abort                         
ffffffff  binit                         
200076ec  g_pLEDQueue                   
200076f0  g_pUARTSemaphore              
00000000  g_pfnVectors                  
00001ff5  initKPD                       
000014f1  initLCD                       
00002035  itoa                          
000020f5  main                          
00001455  memcpy                        
00001719  memset                        
0000241d  pulseLCD                      
000013a9  pvPortMalloc                  
200078f8  pxCurrentTCB                  
00002445  pxPortInitialiseStack         
000023cb  reverse                       
00001b39  showTemp                      
0000257b  strlen                        
000027bc  ulMaxSyscallInterruptPriority 
000012e5  ulPortGetIPSR                 
00002491  uxListRemove                  
000013a7  vApplicationStackOverflowHook 
00002565  vListInitialise               
0000267b  vListInitialiseItem           
000021a7  vListInsert                   
0000251b  vListInsertEnd                
00001399  vPortEnableVFP                
000024cd  vPortEnterCritical            
00002535  vPortExitCritical             
00001fb1  vPortFree                     
0000135d  vPortSVCHandler               
00002591  vPortSetupTimerInterrupt      
0000137d  vPortStartFirstTask           
00001609  vTaskDelayUntil               
00002629  vTaskMissedYield              
00001955  vTaskPlaceOnEventList         
0000254d  vTaskSetTimeOutState          
00001a7d  vTaskStartScheduler           
000025fd  vTaskSuspendAll               
0000157d  vTaskSwitchContext            
000012fd  xPortPendSVHandler            
000020b5  xPortStartScheduler           
00002375  xPortSysTickHandler           
00001df5  xQueueCreateMutex             
00002131  xQueueGenericCreate           
0000168d  xQueueGenericReset            
00001029  xQueueGenericSend             
00001da1  xTaskCheckForTimeOut          
00000f29  xTaskGenericCreate            
00002635  xTaskGetTickCount             
00000e25  xTaskIncrementTick            
0000178d  xTaskPriorityDisinherit       
00001805  xTaskRemoveFromEventList      
00001111  xTaskResumeAll                


GLOBAL SYMBOLS: SORTED BY Symbol Address 

address   name                          
-------   ----                          
00000000  __TI_static_base__            
00000000  g_pfnVectors                  
00000200  __STACK_SIZE                  
0000026d  ScanKPD                       
00000609  UARTvprintf                   
000007f9  SetDate                       
00000969  SetTime                       
00000ad9  GPIOPadConfigSet              
00000c0d  SysCtlClockGet                
00000d1d  PrintASCII                    
00000e23  __aeabi_idiv0                 
00000e23  __aeabi_ldiv0                 
00000e25  xTaskIncrementTick            
00000f29  xTaskGenericCreate            
00001029  xQueueGenericSend             
00001111  xTaskResumeAll                
000012e5  ulPortGetIPSR                 
000012fd  xPortPendSVHandler            
0000135d  vPortSVCHandler               
0000137d  vPortStartFirstTask           
00001399  vPortEnableVFP                
000013a7  vApplicationStackOverflowHook 
000013a9  pvPortMalloc                  
00001455  __aeabi_memcpy                
00001455  __aeabi_memcpy4               
00001455  __aeabi_memcpy8               
00001455  memcpy                        
000014f1  initLCD                       
0000157d  vTaskSwitchContext            
00001609  vTaskDelayUntil               
0000168d  xQueueGenericReset            
00001711  __aeabi_memclr                
00001711  __aeabi_memclr4               
00001711  __aeabi_memclr8               
00001713  __aeabi_memset                
00001713  __aeabi_memset4               
00001713  __aeabi_memset8               
00001719  memset                        
0000178d  xTaskPriorityDisinherit       
00001805  xTaskRemoveFromEventList      
000018eb  __TI_decompress_lzss          
00001955  vTaskPlaceOnEventList         
00001a7d  vTaskStartScheduler           
00001b39  showTemp                      
00001b95  PrintLCD                      
00001bf1  I2CReceive                    
00001cf9  I2CInit                       
00001d4d  LEDTaskInit                   
00001da1  xTaskCheckForTimeOut          
00001df5  xQueueCreateMutex             
00001e45  I2CMasterInitExpClk           
00001edd  GPIOPinConfigure              
00001f25  UARTwrite                     
00001f6d  __TI_auto_init_nobinit_nopinit
00001fb1  vPortFree                     
00001ff5  initKPD                       
00002035  itoa                          
00002075  __aeabi_uidiv                 
00002075  __aeabi_uidivmod              
000020b5  xPortStartScheduler           
000020f5  main                          
00002131  xQueueGenericCreate           
000021a7  vListInsert                   
000021df  ClearLCD                      
00002213  ShiftLCursor                  
00002247  ShiftRCursor                  
0000227d  SwitchTaskInit                
000022b1  SysCtlPeripheralEnable        
000022e5  _c_int00_noargs               
00002349  MoveCursor                    
00002375  xPortSysTickHandler           
000023a1  GPIODirModeSet                
000023cb  reverse                       
0000241d  pulseLCD                      
00002445  pxPortInitialiseStack         
0000246d  ReturnHome                    
00002491  uxListRemove                  
000024cd  vPortEnterCritical            
000024e9  UARTprintf                    
00002503  GPIOPinTypeGPIOOutput         
0000251b  vListInsertEnd                
00002535  vPortExitCritical             
0000254d  vTaskSetTimeOutState          
00002565  vListInitialise               
0000257b  strlen                        
00002591  vPortSetupTimerInterrupt      
000025a5  GPIOPinTypeGPIOInput          
000025b7  GPIOPinTypeI2C                
000025c9  GPIOPinTypeI2CSCL             
000025fd  vTaskSuspendAll               
0000260d  __TI_decompress_none          
0000261b  __TI_zero_init                
00002629  vTaskMissedYield              
00002635  xTaskGetTickCount             
00002641  I2CMasterEnable               
0000264b  I2CMasterBusy                 
00002653  I2CMasterSlaveAddrSet         
00002663  GPIOPinRead                   
00002669  GPIOPinWrite                  
0000266f  ResetISR                      
00002675  SysCtlDelay                   
0000267b  vListInitialiseItem           
00002681  I2CMasterControl              
00002685  I2CMasterDataGet              
00002689  I2CMasterDataPut              
0000268d  _system_pre_init              
00002691  C$$EXIT                       
00002691  abort                         
000027bc  ulMaxSyscallInterruptPriority 
000027d0  __TI_Handler_Table_Base       
000027dc  __TI_Handler_Table_Limit      
000027e8  __TI_CINIT_Base               
000027f8  __TI_CINIT_Limit              
20000000  __start___llvm_prf_cnts       
20000000  __stop___llvm_prf_cnts        
200076ec  g_pLEDQueue                   
200076f0  g_pUARTSemaphore              
200076f8  __stack                       
200078f8  __STACK_END                   
200078f8  __STACK_TOP                   
200078f8  pxCurrentTCB                  
ffffffff  __TI_pprof_out_hndl           
ffffffff  __TI_prof_data_size           
ffffffff  __TI_prof_data_start          
ffffffff  __binit__                     
ffffffff  __c_args__                    
ffffffff  binit                         
UNDEFED   __mpu_init                    
UNDEFED   _system_post_cinit            

[129 symbols]
